]0;IPython: silk/test[('origin', [('x', <class 'numpy.float32'>), ('y', <class 'numpy.float32'>), ('z', <class 'numpy.float32'>)]), ('x', [('x', <class 'numpy.float32'>), ('y', <class 'numpy.float32'>), ('z', <class 'numpy.float32'>)]), ('y', [('x', <class 'numpy.float32'>), ('y', <class 'numpy.float32'>), ('z', <class 'numpy.float32'>)]), ('z', [('x', <class 'numpy.float32'>), ('y', <class 'numpy.float32'>), ('z', <class 'numpy.float32'>)])]
((10.0, 0.0, 0.0), (0.0, 0.0, 0.0), (0.0, 0.0, 0.0), (0.0, 0.0, 0.0))
class _Coordinate_method_block_1:
        __slots__ = []
    
        def __mul__(self, a):
            """Multiplication with either:
              a Float (scaling)
              a Coordinate (dot p
def _validate(self):
    z = self.z
    y = self.y
    x = self.x
    def _validation_block_1():
        
            try:
                assert abs(x**2+y**2+z**2 - 1) < 0.001
            except Exception as exc:
                raise SilkValidationError("The size of the vector must be 1, not {'%.3f' % abs(x**2+y**2+z**2)}", globals(), locals())
          
    _validation_block_1()
{'x': 1.0, 'y': 2.0, 'z': 3.0}
Vector (
  x = 0.6,
  y = 0.8,
  z = 0.0,
)
(1.0, 2.0, 3.0)
(1.0, 2.0, 20.0)
CoordinateArray (
  Coordinate (
    x = 1.0,
    y = 2.0,
    z = 3.0,
  ),
  Coordinate (
    x = 4.0,
    y = 5.0,
    z = 6.0,
  ),
  Coordinate (
    x = 7.0,
    y = 8.0,
    z = 9.0,
  ),
)
CoordinateArray (
  Coordinate (
    x = 1.0,
    y = 2.0,
    z = 3.0,
  ),
  Coordinate (
    x = 4.0,
    y = 5.0,
    z = 6.0,
  ),
  Coordinate (
    x = 7.0,
    y = 8.0,
    z = 9.0,
  ),
)
(array([(1.0, 2.0, 3.0), (4.0, 5.0, 6.0), (7.0, 8.0, 9.0), (0.0, 0.0, 0.0),
       (0.0, 0.0, 0.0), (0.0, 0.0, 0.0), (0.0, 0.0, 0.0), (0.0, 0.0, 0.0),
       (0.0, 0.0, 0.0), (0.0, 0.0, 0.0)], 
      dtype=[('x', '<f4'), ('y', '<f4'), ('z', '<f4')]), array([3], dtype=uint16))
CoordinateArray (
  Coordinate (
    x = 1.0,
    y = 2.0,
    z = 3.0,
  ),
  Coordinate (
    x = 4.0,
    y = 5.0,
    z = 6.0,
  ),
  Coordinate (
    x = 7.0,
    y = 8.0,
    z = 9.0,
  ),
)
CoordinateArrayArray (
  CoordinateArray (
    Coordinate (
      x = 1.0,
      y = 2.0,
      z = 3.0,
    ),
    Coordinate (
      x = 4.0,
      y = 5.0,
      z = 6.0,
    ),
    Coordinate (
      x = 7.0,
      y = 8.0,
      z = 9.0,
    ),
  ),
  CoordinateArray (
    Coordinate (
      x = 10.0,
      y = 20.0,
      z = 30.0,
    ),
    Coordinate (
      x = 40.0,
      y = 50.0,
      z = 60.0,
    ),
    Coordinate (
      x = 70.0,
      y = 80.0,
      z = 90.0,
    ),
    Coordinate (
      x = 0.0,
      y = 1.0,
      z = 2.0,
    ),
  ),
)
CoordinateArrayArray (
  CoordinateArray (
    Coordinate (
      x = 1.0,
      y = 2.0,
      z = 3.0,
    ),
    Coordinate (
      x = 4.0,
      y = 5.0,
      z = 6.0,
    ),
    Coordinate (
      x = 7.0,
      y = 8.0,
      z = 9.0,
    ),
  ),
  CoordinateArray (
    Coordinate (
      x = 10.0,
      y = 20.0,
      z = 30.0,
    ),
    Coordinate (
      x = 40.0,
      y = 50.0,
      z = 60.0,
    ),
    Coordinate (
      x = 70.0,
      y = 80.0,
      z = 90.0,
    ),
    Coordinate (
      x = 0.0,
      y = 1.0,
      z = 2.0,
    ),
  ),
) [2 3 4]
CoordinateArrayArray (
  CoordinateArray (
    Coordinate (
      x = 1.0,
      y = 2.0,
      z = 3.0,
    ),
    Coordinate (
      x = 4.0,
      y = 5.0,
      z = 6.0,
    ),
    Coordinate (
      x = 7.0,
      y = 8.0,
      z = 9.0,
    ),
  ),
  CoordinateArray (
    Coordinate (
      x = 10.0,
      y = 20.0,
      z = 30.0,
    ),
    Coordinate (
      x = 40.0,
      y = 50.0,
      z = 60.0,
    ),
    Coordinate (
      x = 70.0,
      y = 80.0,
      z = 90.0,
    ),
    Coordinate (
      x = 0.0,
      y = 1.0,
      z = 2.0,
    ),
  ),
)
CoordinateArrayArrayArray (
  CoordinateArrayArray (
    CoordinateArray (
      Coordinate (
        x = 1.0,
        y = 2.0,
        z = 3.0,
      ),
      Coordinate (
        x = 4.0,
        y = 5.0,
        z = 6.0,
      ),
      Coordinate (
        x = 7.0,
        y = 8.0,
        z = 9.0,
      ),
    ),
    CoordinateArray (
      Coordinate (
        x = 10.0,
        y = 20.0,
        z = 30.0,
      ),
      Coordinate (
        x = 40.0,
        y = 50.0,
        z = 60.0,
      ),
      Coordinate (
        x = 70.0,
        y = 80.0,
        z = 90.0,
      ),
      Coordinate (
        x = 0.0,
        y = 1.0,
        z = 2.0,
      ),
    ),
  ),
  CoordinateArrayArray (
    CoordinateArray (
      Coordinate (
        x = -1.0,
        y = -2.0,
        z = -3.0,
      ),
      Coordinate (
        x = -4.0,
        y = -5.0,
        z = -6.0,
      ),
    ),
    CoordinateArray (
      Coordinate (
        x = -10.0,
        y = -20.0,
        z = -30.0,
      ),
      Coordinate (
        x = -40.0,
        y = -50.0,
        z = -60.0,
      ),
      Coordinate (
        x = -70.0,
        y = -80.0,
        z = -90.0,
      ),
      Coordinate (
        x = 0.0,
        y = -1.0,
        z = -2.0,
      ),
      Coordinate (
        x = -12.0,
        y = -11.0,
        z = -10.0,
      ),
    ),
    CoordinateArray (
      Coordinate (
        x = -4.0,
        y = -5.0,
        z = -6.0,
      ),
      Coordinate (
        x = -7.0,
        y = -8.0,
        z = -9.0,
      ),
    ),
  ),
  CoordinateArrayArray (
    CoordinateArray (
      Coordinate (
        x = 1.0,
        y = 2.0,
        z = 3.0,
      ),
      Coordinate (
        x = 4.0,
        y = 5.0,
        z = 6.0,
      ),
      Coordinate (
        x = 7.0,
        y = 8.0,
        z = 9.0,
      ),
    ),
    CoordinateArray (
      Coordinate (
        x = 10.0,
        y = 20.0,
        z = 30.0,
      ),
      Coordinate (
        x = 40.0,
        y = 50.0,
        z = 60.0,
      ),
      Coordinate (
        x = 70.0,
        y = 80.0,
        z = 90.0,
      ),
      Coordinate (
        x = 0.0,
        y = 1.0,
        z = 1002.0,
      ),
    ),
  ),
)
START
CoordinateArrayArrayArray (
  CoordinateArrayArray (
    CoordinateArray (
      Coordinate (
        x = 1.0,
        y = 2.0,
        z = 3.0,
      ),
      Coordinate (
        x = 4.0,
        y = 5.0,
        z = 6.0,
      ),
      Coordinate (
        x = 7.0,
        y = 8.0,
        z = 9.0,
      ),
    ),
    CoordinateArray (
      Coordinate (
        x = 10.0,
        y = 20.0,
        z = 30.0,
      ),
      Coordinate (
        x = 40.0,
        y = 50.0,
        z = 60.0,
      ),
      Coordinate (
        x = 70.0,
        y = 80.0,
        z = 90.0,
      ),
      Coordinate (
        x = 0.0,
        y = 1.0,
        z = 2.0,
      ),
    ),
  ),
  CoordinateArrayArray (
    CoordinateArray (
      Coordinate (
        x = -1.0,
        y = -2.0,
        z = -3.0,
      ),
      Coordinate (
        x = -4.0,
        y = -5.0,
        z = -6.0,
      ),
    ),
    CoordinateArray (
      Coordinate (
        x = -10.0,
        y = -20.0,
        z = -30.0,
      ),
      Coordinate (
        x = -40.0,
        y = -50.0,
        z = -60.0,
      ),
      Coordinate (
        x = -70.0,
        y = -80.0,
        z = -90.0,
      ),
      Coordinate (
        x = 0.0,
        y = -1.0,
        z = -2.0,
      ),
      Coordinate (
        x = -12.0,
        y = -11.0,
        z = -10.0,
      ),
    ),
    CoordinateArray (
      Coordinate (
        x = -4.0,
        y = -5.0,
        z = -6.0,
      ),
      Coordinate (
        x = -7.0,
        y = -8.0,
        z = -9.0,
      ),
    ),
  ),
  CoordinateArrayArray (
    CoordinateArray (
      Coordinate (
        x = 1.0,
        y = 2.0,
        z = 3.0,
      ),
      Coordinate (
        x = 4.0,
        y = 5.0,
        z = 6.0,
      ),
      Coordinate (
        x = 7.0,
        y = 8.0,
        z = 9.0,
      ),
    ),
    CoordinateArray (
      Coordinate (
        x = 10.0,
        y = 20.0,
        z = 30.0,
      ),
      Coordinate (
        x = 40.0,
        y = 50.0,
        z = 60.0,
      ),
      Coordinate (
        x = 70.0,
        y = 80.0,
        z = 90.0,
      ),
      Coordinate (
        x = 0.0,
        y = 1.0,
        z = 1002.0,
      ),
    ),
  ),
)
True
CoordinateArrayArrayArray (
  CoordinateArrayArray (
    CoordinateArray (
      Coordinate (
        x = 1.0,
        y = 2.0,
        z = 3.0,
      ),
      Coordinate (
        x = 4.0,
        y = 5.0,
        z = 6.0,
      ),
      Coordinate (
        x = 7.0,
        y = 8.0,
        z = 9.0,
      ),
    ),
    CoordinateArray (
      Coordinate (
        x = 10.0,
        y = 20.0,
        z = 30.0,
      ),
      Coordinate (
        x = 40.0,
        y = 50.0,
        z = 60.0,
      ),
      Coordinate (
        x = 70.0,
        y = 80.0,
        z = 90.0,
      ),
      Coordinate (
        x = 0.0,
        y = 1.0,
        z = 2.0,
      ),
    ),
  ),
  CoordinateArrayArray (
    CoordinateArray (
      Coordinate (
        x = -1.0,
        y = -2.0,
        z = -3.0,
      ),
      Coordinate (
        x = -4.0,
        y = -5.0,
        z = -6.0,
      ),
    ),
    CoordinateArray (
      Coordinate (
        x = -10.0,
        y = -20.0,
        z = -30.0,
      ),
      Coordinate (
        x = -40.0,
        y = -50.0,
        z = -60.0,
      ),
      Coordinate (
        x = -70.0,
        y = -80.0,
        z = -90.0,
      ),
      Coordinate (
        x = 0.0,
        y = -1.0,
        z = -2.0,
      ),
      Coordinate (
        x = -12.0,
        y = -11.0,
        z = -10.0,
      ),
    ),
    CoordinateArray (
      Coordinate (
        x = -4.0,
        y = -5.0,
        z = -6.0,
      ),
      Coordinate (
        x = -7.0,
        y = -8.0,
        z = -9.0,
      ),
    ),
  ),
  CoordinateArrayArray (
    CoordinateArray (
      Coordinate (
        x = 1.0,
        y = 2.0,
        z = 3.0,
      ),
      Coordinate (
        x = 4.0,
        y = 5.0,
        z = 6.0,
      ),
      Coordinate (
        x = 7.0,
        y = 8.0,
        z = 9.0,
      ),
    ),
    CoordinateArray (
      Coordinate (
        x = 10.0,
        y = 20.0,
        z = 30.0,
      ),
      Coordinate (
        x = 40.0,
        y = 50.0,
        z = 60.0,
      ),
      Coordinate (
        x = 70.0,
        y = 80.0,
        z = 90.0,
      ),
      Coordinate (
        x = 0.0,
        y = 1.0,
        z = 1002.0,
      ),
    ),
  ),
)
True
True
True
True
[3 2 3 4 0 3 2 5 2 2 3 4 0] (3, 3, 5)
START2
True
False
[2 2 3 4 0 2 3 4 0 0 0 0 0] (3, 3, 5) [0 0 0 0]
[3 2 3 4 0 3 2 5 2 2 3 4 0] (3, 3, 5)
False
(10, 5, 7)
[3 2 3 4 0 0 0 3 2 5 2 0 0 2 3 4 0 0 0 0 0 0 0 0 0 0 0 0 0 0 0 0 0 0 0 0 0
 0 0 0 0 0 0 0 0 0 0 0 0 0 0 0 0 0 0 0 0 0 0 0 0] (10, 5, 7)
False
True
False
{'origin': {'z': 0.0, 'y': 0.0, 'x': 0.0}, 'z': {'z': 1.0, 'y': 0.0, 'x': 0.0}, 'y': {'z': 0.0, 'y': 1.0, 'x': 0.0}, 'x': {'z': 20.0, 'y': 2.0, 'x': 1.0}}
{'z': 0.0, 'y': 0.0, 'x': 0.0}
AxisSystem (
  origin = Coordinate (
    x = 0.0,
    y = 0.0,
    z = 0.0,
  ),
  x = Coordinate (
    x = 1.0,
    y = 2.0,
    z = 20.0,
  ),
  y = Coordinate (
    x = 0.0,
    y = 1.0,
    z = 0.0,
  ),
  z = Coordinate (
    x = 0.0,
    y = 0.0,
    z = 1.0,
  ),
)
AxisSystem (
  origin = Coordinate (
    x = 0.0,
    y = 0.0,
    z = 0.0,
  ),
  x = Coordinate (
    x = 1.0,
    y = 2.0,
    z = 20.0,
  ),
  y = Coordinate (
    x = 0.0,
    y = 1.0,
    z = 0.0,
  ),
  z = Coordinate (
    x = 0.0,
    y = 0.0,
    z = 1.0,
  ),
) <class 'seamless.silk.registers.typenames.AxisSystem'>
{'origin': {'z': 0.0, 'y': 0.0, 'x': 0.0}, 'z': {'z': 1.0, 'y': 0.0, 'x': 0.0}, 'y': {'z': 0.0, 'y': 1.0, 'x': 0.0}, 'x': {'z': 20.0, 'y': 2.0, 'x': 1.0}} <class 'dict'>
AxisSystem (
  origin = Coordinate (
    x = 0.0,
    y = 0.0,
    z = 0.0,
  ),
  x = Coordinate (
    x = 1.0,
    y = 2.0,
    z = 20.0,
  ),
  y = Coordinate (
    x = 0.0,
    y = 1.0,
    z = 0.0,
  ),
  z = Coordinate (
    x = 0.0,
    y = 0.0,
    z = 1.0,
  ),
)
{'origin': {'z': 0.0, 'y': 0.0, 'x': 0.0}, 'z': {'z': 1.0, 'y': 0.0, 'x': 0.0}, 'y': {'z': 0.0, 'y': 1.0, 'x': 0.0}, 'x': {'z': 20.0, 'y': 2.0, 'x': 1.0}}
True
((999.0, 0.0, 0.0), (1.0, 2.0, 20.0), (0.0, 1.0, 0.0), (0.0, 0.0, 1.0))
AxisSystem (
  origin = Coordinate (
    x = 999.0,
    y = 0.0,
    z = 0.0,
  ),
  x = Coordinate (
    x = 1.0,
    y = 2.0,
    z = 20.0,
  ),
  y = Coordinate (
    x = 0.0,
    y = 1.0,
    z = 0.0,
  ),
  z = Coordinate (
    x = 0.0,
    y = 0.0,
    z = 1.0,
  ),
)
(2, 2)
(2,) (2,)
1 (2,)
((1.0, 2.0), (b'three', False), b'', [(1.0, 2.0, 3.0), (10.0, 20.0, 30.0)], 29773760, [2], ((0.0, 0.0, 0.0), (0.0, 0.0, 0.0), (0.0, 0.0, 0.0), (0.0, 0.0, 0.0)), False, False)
START
Test (
  x = (
    b = 1.0,
    a = 2.0,
  ),
  y = (
    c = "three",
    d = False,
  ),
  q = CoordinateArray (
    Coordinate (
      x = -20.0,
      y = -40.0,
      z = -60.0,
    ),
    Coordinate (
      x = 1.0,
      y = 2.0,
      z = 3.0,
    ),
    Coordinate (
      x = 10.0,
      y = 20.0,
      z = 30.0,
    ),
  ),
)
True
{'x': {'b': 1.0, 'a': 2.0}, 'y': {'c': 'three', 'd': 0}, 'q': [{'x': -20.0, 'z': -60.0, 'y': -40.0}, {'x': 1.0, 'z': 3.0, 'y': 2.0}, {'x': 10.0, 'z': 30.0, 'y': 20.0}]}
{'q': [{'z': -60.0, 'y': -40.0, 'x': -20.0}, {'z': 3.0, 'y': 2.0, 'x': 1.0}, {'z': 30.0, 'y': 20.0, 'x': 10.0}], 'y': {'c': 'three', 'd': 0}, 'x': {'b': 1.0, 'a': 2.0}}
True
START2
Test (
  x = (
    b = 1.0,
    a = 2.0,
  ),
  y = (
    c = "three",
    d = True,
  ),
  q = CoordinateArray (
    Coordinate (
      x = -20.0,
      y = -40.0,
      z = -60.0,
    ),
    Coordinate (
      x = 1.0,
      y = 2.0,
      z = 3.0,
    ),
    Coordinate (
      x = 10.0,
      y = 20.0,
      z = 30.0,
    ),
  ),
)
(
  test = TestArray (
    Test (
      x = (
        b = 1.0,
        a = 2.0,
      ),
      y = (
        c = "three",
        d = False,
      ),
      q = CoordinateArray (
        Coordinate (
          x = -20.0,
          y = -40.0,
          z = -60.0,
        ),
        Coordinate (
          x = 1.0,
          y = 2.0,
          z = 3.0,
        ),
        Coordinate (
          x = 10.0,
          y = 20.0,
          z = 30.0,
        ),
      ),
    ),
    Test (
      x = (
        b = -2.0,
        a = -1.0,
      ),
      y = (
        c = "three",
        d = False,
      ),
      q = CoordinateArray (
        Coordinate (
          x = -20.0,
          y = -40.0,
          z = -60.0,
        ),
        Coordinate (
          x = 1.0,
          y = 2.0,
          z = 3.0,
        ),
        Coordinate (
          x = 10.0,
          y = 20.0,
          z = 30.0,
        ),
      ),
    ),
  ),
)
{'q': [{'z': -60.0, 'y': -40.0, 'x': -20.0}, {'z': 3.0, 'y': 2.0, 'x': 1.0}, {'z': 30.0, 'y': 20.0, 'x': 10.0}], 'z': None, 'y': {'c': 'three', 'd': 0}, 'ax': {'origin': {}, 'z': {}, 'y': {}, 'x': {}}, 'x': {'b': -2.0, 'a': -1.0}}
Test (
  x = (
    b = -2.0,
    a = -1.0,
  ),
  y = (
    c = "three",
    d = False,
  ),
  q = CoordinateArray (
    Coordinate (
      x = -20.0,
      y = -40.0,
      z = -60.0,
    ),
    Coordinate (
      x = 1.0,
      y = 2.0,
      z = 3.0,
    ),
    Coordinate (
      x = 10.0,
      y = 20.0,
      z = 30.0,
    ),
  ),
)
JSON
TestArray (
  Test (
    x = (
      b = 1.0,
      a = 2.0,
    ),
    y = (
      c = "three",
      d = True,
    ),
    q = CoordinateArray (
      Coordinate (
        x = -20.0,
        y = -40.0,
        z = -60.0,
      ),
      Coordinate (
        x = 1.0,
        y = 2.0,
        z = 3.0,
      ),
      Coordinate (
        x = 10.0,
        y = 20.0,
        z = 30.0,
      ),
    ),
  ),
  Test (
    x = (
      b = -2.0,
      a = -1.0,
    ),
    y = (
      c = "three",
      d = True,
    ),
    q = CoordinateArray (
      Coordinate (
        x = -20.0,
        y = -40.0,
        z = -60.0,
      ),
      Coordinate (
        x = 1.0,
        y = 2.0,
        z = 3.0,
      ),
      Coordinate (
        x = 10.0,
        y = 20.0,
        z = 30.0,
      ),
    ),
  ),
)
NUMPY
[[3]
 [3]] [3]
[[3]
 [4]] [4]
TestArray (
  Test (
    x = (
      b = 1.0,
      a = 2.0,
    ),
    y = (
      c = "three",
      d = False,
    ),
    q = CoordinateArray (
      Coordinate (
        x = -20.0,
        y = -40.0,
        z = -60.0,
      ),
      Coordinate (
        x = 1.0,
        y = 2.0,
        z = 3.0,
      ),
      Coordinate (
        x = 10.0,
        y = 20.0,
        z = 30.0,
      ),
    ),
  ),
  Test (
    x = (
      b = -2.0,
      a = -1.0,
    ),
    y = (
      c = "three",
      d = False,
    ),
    q = CoordinateArray (
      Coordinate (
        x = -20.0,
        y = -40.0,
        z = -60.0,
      ),
      Coordinate (
        x = 1.0,
        y = 2.0,
        z = 3.0,
      ),
      Coordinate (
        x = 10.0,
        y = 20.0,
        z = 30.0,
      ),
      Coordinate (
        x = 7.0,
        y = 7.0,
        z = 7.0,
      ),
    ),
    ax = AxisSystem (
      origin = Coordinate (
        x = 4.0,
        y = 7.0,
        z = 8.0,
      ),
      x = Coordinate (
        x = 2.0,
        y = 2.0,
        z = 2.0,
      ),
      y = Coordinate (
        x = 6.0,
        y = 2.0,
        z = 0.0,
      ),
      z = Coordinate (
        x = 0.0,
        y = 0.0,
        z = 1.0,
      ),
    ),
  ),
)
numpy numpy
True
True
