b'this is a bytes value'
b'this is a bytes value' <class 'bytes'>

Exception: None
b"\x93NUMPY\x01\x00v\x00{'descr': '|S21', 'fortran_order': False, 'shape': (), }                                                             \nthis is a bytes value"
b'this is a bytes value' <class 'numpy.ndarray'>

Exception: None
b'this is a bytes value'
b'this is a bytes value' <class 'bytes'>

Exception: None
b"\x93NUMPY\x01\x00v\x00{'descr': '|S21', 'fortran_order': False, 'shape': (), }                                                             \nthis is a bytes value"
b'this is a bytes value' <class 'numpy.ndarray'>

Exception: None
b'this is a bytes value'
b'this is a bytes value' <class 'bytes'>

