Time: 0.3 ms, *** Start ***
Time: 1.0 ms, None

Time: 1.0 ms, *** Stage 0 ***

Time: 1.4 ms, *** Stage 1a ***
Time: 3.3 ms, ctx.txt1 [42, "test", {"mykey": "myvalue"}, true]
Time: 3.3 ms, *** Stage 1b ***
Time: 3.5 ms, *** Stage 1c ***
Time: 5.3 ms, ctx.txt2 [42, "test", {"mykey": "myvalue"}, true]
Time: 5.8 ms, ctx.txt3 [42, "test", {"mykey": "myvalue"}, true]

Time: 5.8 ms, *** Stage 2 ***
Time: 208.5 ms, ctx.txt4 [42, "test", {"mykey": "myvalue"}, true]

Time: 208.7 ms, *** Stage 3 ***
Time: 420.0 ms, ctx.plain [42, "test", {"mykey": "myvalue"}, true]
Time: 420.2 ms, *** Stage 3a ***
Time: 620.6 ms, ctx.plain2 [42, "test", {"mykey": "myvalue"}, true]
Time: 620.8 ms, *** Stage 3b ***
Time: 821.2 ms, ctx.mixed [42, "test", {"mykey": "myvalue"}, true]
Time: 821.3 ms, *** Stage 4 ***
Time: 3501.8 ms, ctx.py get_ipython().run_cell_magic('timeit', '', 'x = 42')

Time: 3501.9 ms, *** Stage 5 ***
Time: 3700.3 ms, ctx.plain3 Test string!! b'"Test string!!"\n'
Time: 3701.0 ms, ctx.text Test string!! b'Test string!!\n'
Time: 3701.6 ms, ctx.str Test string!! b'"Test string!!"\n'
