Server 1
Server 2...
Server 3...
Server 4...
... server 2
Waiting for: Seamless transformer: .tf
... server 3
... server 4 CANCELLED
Status: OK
42
