{'calculation_time': '1s', 'transformer_path': ['tf']}
