START
macro execute
42
True
42
42
42
99
/macro execute
None
