TF        Status: error
RESULT        None Status: upstream

TF        Status: error
RESULT        None Status: upstream

TF        Status: error
RESULT        None Status: upstream

TF        Status: error
RESULT        None Status: upstream

TF        Status: error
RESULT        None Status: upstream

TF        Status: error
RESULT        None Status: upstream

TF        Status: error
RESULT        None Status: upstream

TF        Status: error
RESULT        None Status: upstream

TF        Status: error
RESULT        None Status: upstream

TF        Status: error
RESULT        None Status: upstream

TF        Status: error
RESULT        None Status: upstream

TF        Status: error
RESULT        None Status: upstream

TF        Status: error
RESULT        None Status: upstream

TF        Status: error
RESULT        None Status: upstream

TF        Status: error
RESULT        None Status: upstream

TF        Status: error
RESULT        None Status: upstream

TF        Status: error
RESULT        None Status: upstream

TF        Status: error
RESULT        None Status: upstream

TF        Status: error
RESULT        None Status: upstream

TF        Status: error
RESULT        None Status: upstream

TF        Status: error
RESULT        None Status: upstream

TF        Status: error
RESULT        None Status: upstream

TF        Status: error
RESULT        None Status: upstream

TF        Status: error
RESULT        None Status: upstream

TF        Status: error
RESULT        None Status: upstream

TF        Status: error
RESULT        None Status: upstream

