Stage 1
Database server running
OK
1 True
42


File system:
/tmp/seamless-db/buffers/fa2fe6c9c0556871073be9a00d6d29bd3b9b6dd560587ee6e8c163755bf669d3
42


Server log
Press Ctrl+C to end
/Server log

Stage 2
Database server running
42

File system:
/tmp/seamless-db/buffers/fa2fe6c9c0556871073be9a00d6d29bd3b9b6dd560587ee6e8c163755bf669d3
42

OK
42

File system:
/tmp/seamless-db/buffers/fa2fe6c9c0556871073be9a00d6d29bd3b9b6dd560587ee6e8c163755bf669d3
42

Server log
Press Ctrl+C to end
/Server log

