b'this is a bytes value'
b'this is a bytes value'
b'this is a bytes value'
b'this is a bytes value' <class 'numpy.ndarray'>
b'this is a bytes value' <class 'bytes'>
