*************************************************
* Result
*************************************************
0
*************************************************
* Standard output
*************************************************
input 0

*************************************************
