
Docker transformer exception
============================

Error: Result file/folder RESULT does not exist

*************************************************
* Command
*************************************************
nvidia-smi && df /dev/shm
*************************************************
*************************************************
* Standard output
*************************************************
Fri Jul 23 20:36:52 2021       
+-----------------------------------------------------------------------------+
| NVIDIA-SMI 470.57.02    Driver Version: 470.57.02    CUDA Version: 11.4     |
|-------------------------------+----------------------+----------------------+
| GPU  Name        Persistence-M| Bus-Id        Disp.A | Volatile Uncorr. ECC |
| Fan  Temp  Perf  Pwr:Usage/Cap|         Memory-Usage | GPU-Util  Compute M. |
|                               |                      |               MIG M. |
|===============================+======================+======================|
|   0  Quadro P2200        Off  | 00000000:9E:00.0 Off |                  N/A |
| 45%   32C    P8     5W /  75W |    112MiB /  5049MiB |      0%      Default |
|                               |                      |                  N/A |
+-------------------------------+----------------------+----------------------+
                                                                               
+-----------------------------------------------------------------------------+
| Processes:                                                                  |
|  GPU   GI   CI        PID   Type   Process name                  GPU Memory |
|        ID   ID                                                   Usage      |
|=============================================================================|
+-----------------------------------------------------------------------------+
Filesystem     1K-blocks  Used Available Use% Mounted on
shm              1048576     0   1048576   0% /dev/shm

*************************************************


