b'"testvalue"\n'
~/.seamless/database/buffers/93237a60bf6417104795ed085c074d52f7ae99b5ec773004311ce665eddb4880
~/.seamless/database/buffers/93237a60bf6417104795ed085c074d52f7ae99b5ec773004311ce665eddb4880
None
