<Silk: {'a': 10, 'c': 30} >
{'a': 10, 'c': 30}
<Silk: None >
None
TypeError: 'str' object does not support item assignment


<Silk: None >
None
TypeError: 'str' object does not support item assignment


<Silk: {'a': 10, 'c': 30} >
{'a': 10, 'c': 30}
None

<Silk: {'a': 10, 'b': 999, 'c': 30} >
{'a': 10, 'b': 999, 'c': 30}
None

<Silk: {'a': 10, 'c': 30} >
{'a': 10, 'c': 30}
None

<Silk: {'a': 10, 'c': 30, 'd': 123} >
{'a': 10, 'c': 30, 'd': 123}
None

<Silk: {'a': 10, 'c': 30} >
{'a': 10, 'c': 30}
None
