1
1002.1 1002.1
TIME 1 0.9924681186676025
********
{'k1': 1002.1}
*************************************************
* Standard output
*************************************************
CHUNK 1

*************************************************
2
2010.2 2010.2
TIME 2 0.9899523258209229
: 1004.1, 'k2': 1006.1}
*************************************************
* Standard output
*************************************************
CHUNK 2

*************************************************
4
4044.4 4044.4
TIME 4 1.0095469951629639
: 1012.1, 'k4': 1014.1}
*************************************************
* Standard output
*************************************************
CHUNK 4

*************************************************
8
8184.800000000001 8184.8
TIME 8 0.9823827743530273
: 1028.1, 'k8': 1030.1}
*************************************************
* Standard output
*************************************************
CHUNK 8

*************************************************
16
16753.600000000002 16753.6
TIME 16 1.0180633068084717
 1046.1, 'k9': 1048.1}
*************************************************
* Standard output
*************************************************
CHUNK 16

*************************************************
32
35043.19999999998 35043.2
TIME 32 0.9923088550567627
 1078.1, 'k9': 1080.1}
*************************************************
* Standard output
*************************************************
CHUNK 32

*************************************************
64
76230.4 76230.4
TIME 64 0.9997117519378662
 1142.1, 'k9': 1144.1}
*************************************************
* Standard output
*************************************************
CHUNK 64

*************************************************
128
177036.80000000042 177036.8
TIME 128 1.0146214962005615
398.1, 'k73': 1400.1}
*************************************************
* Standard output
*************************************************
CHUNK 100

*************************************************
256
452377.599999998 452377.6
TIME 256 1.0882112979888916
86.1, 'k189': 1888.1}
*************************************************
* Standard output
*************************************************
CHUNK 100

*************************************************
512
1297971.2000000027 1297971.2
TIME 512 1.2841167449951172
98.1, 'k189': 2400.1}
*************************************************
* Standard output
*************************************************
CHUNK 100

*************************************************
1024
4168806.4000000632 4168806.4
TIME 1024 1.593341588973999
76.1, 'k166': 3378.1}
*************************************************
* Standard output
*************************************************
CHUNK 100

*************************************************
2048
14629068.799999487 14629068.8
TIME 2048 2.550110101699829
8.1, 'k1088': 7270.1}
*************************************************
* Standard output
*************************************************
CHUNK 100

*************************************************
4096
54423961.60000369 54423961.6
TIME 4096 4.121990919113159
.1, 'k1088': 11366.1}
*************************************************
* Standard output
*************************************************
CHUNK 100

*************************************************
8192
209511219.19997272 209511219.2
TIME 8192 8.30850076675415
.1, 'k1088': 19558.1}
*************************************************
* Standard output
*************************************************
CHUNK 100

*************************************************
16384
821675622.4002563 821675622.4
TIME 16384 18.741058349609375
1, 'k10087': 53940.1}
*************************************************
* Standard output
*************************************************
CHUNK 100

*************************************************
32768
3253963980.79815 3253963980.8
TIME 32768 54.003533601760864
*************************************************
Unknown
*************************************************

This transformer was executed previously, but its log was not kept.

65536
12950378905.613781 12950378905.6
TIME 65536 139.85692977905273
*************************************************
Unknown
*************************************************

This transformer was executed previously, but its log was not kept.

