<module 'seamless_module_71179523293c7228db821222b955cfeb19b8f15391a04c03f3b66f2312a8911b'>
10
10
['transformer.testmodule']
Status: OK
Status: OK
None
<Silk: 30 >
