VALIDATE <Silk: {'x': -1, 'y': 88} >
OK
<Silk: None >
<Silk: {'x': -1, 'y': 88} >
