ZIP size: 448
<Silk: 123 > aba7aeb8a7948dd0cdb8eeb9239e5d1dab2bd840f13930f86f6e67ba40ea5350
ZIP size: 656
<Silk: 123 > aba7aeb8a7948dd0cdb8eeb9239e5d1dab2bd840f13930f86f6e67ba40ea5350
ZIP size (should be 448): 448
