{
  "connections": [
    {
      "source": [
        "pi"
      ],
      "target": [
        "doubleit",
        "a"
      ],
      "type": "connection"
    },
    {
      "source": [
        "doubleit"
      ],
      "target": [
        "twopi"
      ],
      "type": "connection"
    }
  ],
  "lib": [],
  "nodes": [
    {
      "INPUT": "inp",
      "RESULT": "result",
      "SCHEMA": null,
      "checksum": {
        "code": "b24cb296a9e7872c592baedc5ba4166c90dc3c464e4e2ddfddb78f9c56837b89"
      },
      "compiled": false,
      "debug": false,
      "language": "python",
      "path": [
        "doubleit"
      ],
      "pins": {
        "a": {
          "celltype": "mixed"
        }
      },
      "type": "transformer"
    },
    {
      "celltype": "structured",
      "checksum": {
        "auth": "0553638f3a0f6235e46d1cd6b7fc12e468fd91bcc901f488fef8d15bdd48a7d3"
      },
      "datatype": "mixed",
      "hash_pattern": null,
      "path": [
        "pi"
      ],
      "type": "cell"
    },
    {
      "celltype": "structured",
      "datatype": "mixed",
      "hash_pattern": null,
      "path": [
        "twopi"
      ],
      "type": "cell"
    }
  ],
  "params": {
    "share_namespace": "ctx"
  }
}
<Silk: 3.141592653589793 >
<Silk: 6.283185307179586 >
<Silk: 3.141592653589793 >
<Silk: 42 >
<Silk: 3.141592653589793 >
<Silk: 42 >

<Silk: 3.141592653589793 >
<Silk: 6.283185307179586 >
89fb4991dff5528a716ef8934cb29013  twopi.seamless
4b5ffbae62d260e708f94bb2f0960e1c  twopi-result.seamless
47e6e762fa18176935e1bf44e9132012  twopi-result.zip
