INCOMING simple-pi-remote JOBSLAVE
ADD SERVANT buffer
ADD SERVANT buffer_length
ADD SERVANT semantic_to_syntactic
ADD SERVANT transformation
<Silk: 3.141592653589793 >
<Silk: 6.283185307179586 >
<Silk: 3.141592653589793 >
<Silk: 42 >
<Silk: 3.141592653589793 >
<Silk: 42 >

<Silk: 3.141592653589793 >
<Silk: 6.283185307179586 >
