START
Status: {'tf': '*tf*: Status: upstream => c undefined', 'result': 'Status: undefined'}
Status: OK
