71.7 ns +- 1.13 ns per loop (mean +- std. dev. of 7 runs, 10000000 loops each)
Waiting for: Seamless transformer: .transform.tf
Waiting for: Seamless transformer: .transform.tf
Waiting for: Seamless transformer: .transform.tf
<Silk: None >
73.7 ns +- 0.425 ns per loop (mean +- std. dev. of 7 runs, 10000000 loops each)
Waiting for: Seamless transformer: .transform.tf
Waiting for: Seamless transformer: .transform.tf
Waiting for: Seamless transformer: .transform.tf
<Silk: None >
Status: OK
