Status: OK
<Silk: 12 >
Status: OK
<Silk: 4000 >
<Silk: 12 >
Status: OK
<Silk: 12 >
<Silk: 123 >
<Silk: 888 > <Silk: 222 > <Silk: 1000 > <Silk: 4000 >
