227e12888875dc351af91a112e35eeca  twopi.seamless
227e12888875dc351af91a112e35eeca  /tmp/twopi-database.seamless
None
<Silk: None >
compute
<Silk: 6.283185307179586 >
18ad9916938d414527c499ebe7e53407  twopi-colored.seamless
