c28719736c80dcc1f867100c98a6651f  twopi.seamless
c28719736c80dcc1f867100c98a6651f  /tmp/twopi-redis.seamless
TaskManager, tasks: 11 undestroyed
0553638f3a0f6235e46d1cd6b7fc12e468fd91bcc901f488fef8d15bdd48a7d3
<Silk: 3.141592653589793 >
compute
<Silk: 6.283185307179586 >
b4da0d18c639d022e943156c448a02ba  twopi-colored.seamless
